> Task :app:preBuild UP-TO-DATE
> Task :app:preDebugBuild UP-TO-DATE
> Task :app:mergeDebugNativeDebugMetadata NO-SOURCE
> Task :esphomeproto:checkKotlinGradlePluginConfigurationErrors SKIPPED
> Task :esphomeproto:protobufDummy UP-TO-DATE
> Task :esphomeproto:extractIncludeProto UP-TO-DATE
> Task :esphomeproto:extractProto UP-TO-DATE
> Task :esphomeproto:generateProto UP-TO-DATE
> Task :esphomeproto:compileKotlin UP-TO-DATE
> Task :esphomeproto:compileJava UP-TO-DATE
> Task :esphomeproto:processResources UP-TO-DATE
> Task :esphomeproto:classes UP-TO-DATE
> Task :esphomeproto:jar UP-TO-DATE
> Task :app:checkKotlinGradlePluginConfigurationErrors SKIPPED
> Task :microfeatures:preBuild UP-TO-DATE
> Task :microfeatures:preDebugBuild UP-TO-DATE
> Task :microfeatures:writeDebugAarMetadata UP-TO-DATE
> Task :app:checkDebugAarMetadata UP-TO-DATE
> Task :app:generateDebugResValues UP-TO-DATE
> Task :microfeatures:generateDebugResValues UP-TO-DATE
> Task :microfeatures:generateDebugResources UP-TO-DATE
> Task :microfeatures:packageDebugResources UP-TO-DATE
> Task :app:mapDebugSourceSetPaths UP-TO-DATE
> Task :app:generateDebugResources UP-TO-DATE
> Task :app:mergeDebugResources UP-TO-DATE
> Task :app:packageDebugResources UP-TO-DATE
> Task :app:parseDebugLocalResources UP-TO-DATE
> Task :app:createDebugCompatibleScreenManifests UP-TO-DATE
> Task :app:extractDeepLinksDebug UP-TO-DATE
> Task :microfeatures:extractDeepLinksDebug UP-TO-DATE
> Task :microfeatures:processDebugManifest UP-TO-DATE
> Task :app:processDebugMainManifest UP-TO-DATE
> Task :app:processDebugManifest UP-TO-DATE
> Task :app:processDebugManifestForPackage UP-TO-DATE
> Task :microfeatures:compileDebugLibraryResources UP-TO-DATE
> Task :microfeatures:parseDebugLocalResources UP-TO-DATE
> Task :microfeatures:generateDebugRFile UP-TO-DATE
> Task :app:processDebugResources UP-TO-DATE
> Task :microfeatures:checkKotlinGradlePluginConfigurationErrors SKIPPED
> Task :microfeatures:compileDebugKotlin UP-TO-DATE
> Task :microfeatures:javaPreCompileDebug UP-TO-DATE
> Task :microfeatures:compileDebugJavaWithJavac NO-SOURCE
> Task :microfeatures:bundleLibCompileToJarDebug UP-TO-DATE
> Task :app:kspDebugKotlin UP-TO-DATE
> Task :app:javaPreCompileDebug UP-TO-DATE
> Task :app:mergeDebugShaders UP-TO-DATE
> Task :app:compileDebugShaders NO-SOURCE
> Task :app:generateDebugAssets UP-TO-DATE
> Task :microfeatures:mergeDebugShaders UP-TO-DATE
> Task :microfeatures:compileDebugShaders NO-SOURCE
> Task :microfeatures:generateDebugAssets UP-TO-DATE
> Task :microfeatures:mergeDebugAssets UP-TO-DATE
> Task :app:mergeDebugAssets UP-TO-DATE
> Task :app:compressDebugAssets UP-TO-DATE
> Task :microfeatures:bundleLibRuntimeToJarDebug UP-TO-DATE
> Task :microfeatures:processDebugJavaRes UP-TO-DATE
> Task :microfeatures:createFullJarDebug UP-TO-DATE
> Task :app:checkDebugDuplicateClasses UP-TO-DATE
> Task :app:desugarDebugFileDependencies UP-TO-DATE
> Task :app:mergeExtDexDebug UP-TO-DATE
> Task :microfeatures:bundleLibRuntimeToDirDebug UP-TO-DATE
> Task :app:mergeDebugJniLibFolders UP-TO-DATE
> Task :microfeatures:configureCMakeDebug[arm64-v8a]
> Task :microfeatures:buildCMakeDebug[arm64-v8a]
> Task :microfeatures:configureCMakeDebug[armeabi-v7a]
> Task :microfeatures:buildCMakeDebug[armeabi-v7a]
> Task :microfeatures:configureCMakeDebug[x86]
> Task :microfeatures:buildCMakeDebug[x86]
> Task :app:mergeLibDexDebug
> Task :microfeatures:configureCMakeDebug[x86_64]
> Task :microfeatures:buildCMakeDebug[x86_64]
> Task :microfeatures:mergeDebugJniLibFolders UP-TO-DATE
> Task :microfeatures:mergeDebugNativeLibs UP-TO-DATE
> Task :microfeatures:copyDebugJniLibsProjectOnly UP-TO-DATE
> Task :app:mergeDebugNativeLibs UP-TO-DATE
> Task :app:stripDebugDebugSymbols UP-TO-DATE
> Task :app:validateSigningDebug UP-TO-DATE
> Task :app:writeDebugAppMetadata UP-TO-DATE
> Task :app:writeDebugSigningConfigVersions UP-TO-DATE
> Task :microfeatures:stripDebugDebugSymbols UP-TO-DATE
> Task :microfeatures:copyDebugJniLibsProjectAndLocalJars UP-TO-DATE
> Task :microfeatures:extractDebugAnnotations UP-TO-DATE
> Task :microfeatures:extractDeepLinksForAarDebug UP-TO-DATE
> Task :microfeatures:mergeDebugGeneratedProguardFiles UP-TO-DATE
> Task :microfeatures:mergeDebugConsumerProguardFiles UP-TO-DATE
> Task :microfeatures:prepareDebugArtProfile UP-TO-DATE
> Task :microfeatures:prepareLintJarForPublish UP-TO-DATE
> Task :microfeatures:mergeDebugJavaResource UP-TO-DATE
> Task :microfeatures:syncDebugLibJars UP-TO-DATE
> Task :microfeatures:bundleDebugAar UP-TO-DATE
> Task :microfeatures:assembleDebug UP-TO-DATE

> Task :app:compileDebugKotlin FAILED
.\gradlew.bat : e: file:///D:/Workspace/Android/NabuKey/app/src/main/
java/com/nabukey/ui/components/FaceView.kt:34:40 Initializer type mis
match: expected 'ExpressionState', actual 'Unit'.
所在位置 行:1 字符: 50
+ ... a\jdk-17.0.12"; .\gradlew.bat assembleDebug --stacktrace 2>&1 |
 Tee-O ...
+                     ~~~~~~~~~~~~~~~~~~~~~~~~~~~~~~~~~~~~~~~~~~~~~
    + CategoryInfo          : NotSpecified: (e: file:///D:/W... actu 
   al 'Unit'.:String) [], RemoteException
    + FullyQualifiedErrorId : NativeCommandError
 
e: file:///D:/Workspace/Android/NabuKey/app/src/main/java/com/nabukey
/ui/components/FaceView.kt:34:56 Classifier 'data class Idle : Expres
sionState' does not have a companion object, so it cannot be used as 
an expression.
e: file:///D:/Workspace/Android/NabuKey/app/src/main/java/com/nabukey
/ui/screens/home/HomeScreen.kt:91:82 Classifier 'data class Idle : Ex
pressionState' does not have a companion object, so it cannot be used
 as an expression.
e: file:///D:/Workspace/Android/NabuKey/app/src/main/java/com/nabukey
/ui/screens/home/HomeScreen.kt:116:39 Argument type mismatch: actual 
type is 'Any', but 'ExpressionState' was expected.

FAILURE: Build failed with an exception.

* What went wrong:
Execution failed for task ':app:compileDebugKotlin'.
> A failure occurred while executing org.jetbrains.kotlin.compilerRun
ner.GradleCompilerRunnerWithWorkers$GradleKotlinCompilerWorkAction
   > Compilation error. See log for more details

* Try:
> Run with --info or --debug option to get more log output.
> Run with --scan to get full insights.
> Get more help at https://help.gradle.org.

* Exception is:
org.gradle.api.tasks.TaskExecutionException: Execution failed for tas
k ':app:compileDebugKotlin'.
	at org.gradle.api.internal.tasks.execution.ExecuteActionsTaskExecute
r.lambda$executeIfValid$1(ExecuteActionsTaskExecuter.java:130)
	at org.gradle.internal.Try$Failure.ifSuccessfulOrElse(Try.java:293)
	at org.gradle.api.internal.tasks.execution.ExecuteActionsTaskExecute
r.executeIfValid(ExecuteActionsTaskExecuter.java:128)
	at org.gradle.api.internal.tasks.execution.ExecuteActionsTaskExecute
r.execute(ExecuteActionsTaskExecuter.java:116)
	at org.gradle.api.internal.tasks.execution.ProblemsTaskPathTrackingT
askExecuter.execute(ProblemsTaskPathTrackingTaskExecuter.java:40)
	at org.gradle.api.internal.tasks.execution.FinalizePropertiesTaskExe
cuter.execute(FinalizePropertiesTaskExecuter.java:46)
	at org.gradle.api.internal.tasks.execution.ResolveTaskExecutionModeE
xecuter.execute(ResolveTaskExecutionModeExecuter.java:51)
	at org.gradle.api.internal.tasks.execution.SkipTaskWithNoActionsExec
uter.execute(SkipTaskWithNoActionsExecuter.java:57)
	at org.gradle.api.internal.tasks.execution.SkipOnlyIfTaskExecuter.ex
ecute(SkipOnlyIfTaskExecuter.java:74)
	at org.gradle.api.internal.tasks.execution.CatchExceptionTaskExecute
r.execute(CatchExceptionTaskExecuter.java:36)
	at org.gradle.api.internal.tasks.execution.EventFiringTaskExecuter$1
.executeTask(EventFiringTaskExecuter.java:77)
	at org.gradle.api.internal.tasks.execution.EventFiringTaskExecuter$1
.call(EventFiringTaskExecuter.java:55)
	at org.gradle.api.internal.tasks.execution.EventFiringTaskExecuter$1
.call(EventFiringTaskExecuter.java:52)
	at org.gradle.internal.operations.DefaultBuildOperationRunner$Callab
leBuildOperationWorker.execute(DefaultBuildOperationRunner.java:210)
	at org.gradle.internal.operations.DefaultBuildOperationRunner$Callab
leBuildOperationWorker.execute(DefaultBuildOperationRunner.java:205)
	at org.gradle.internal.operations.DefaultBuildOperationRunner$2.exec
ute(DefaultBuildOperationRunner.java:67)
	at org.gradle.internal.operations.DefaultBuildOperationRunner$2.exec
ute(DefaultBuildOperationRunner.java:60)
	at org.gradle.internal.operations.DefaultBuildOperationRunner.execut
e(DefaultBuildOperationRunner.java:167)
	at org.gradle.internal.operations.DefaultBuildOperationRunner.execut
e(DefaultBuildOperationRunner.java:60)
	at org.gradle.internal.operations.DefaultBuildOperationRunner.call(D
efaultBuildOperationRunner.java:54)
	at org.gradle.api.internal.tasks.execution.EventFiringTaskExecuter.e
xecute(EventFiringTaskExecuter.java:52)
	at org.gradle.execution.plan.LocalTaskNodeExecutor.execute(LocalTask
NodeExecutor.java:42)
	at org.gradle.execution.taskgraph.DefaultTaskExecutionGraph$InvokeNo
deExecutorsAction.execute(DefaultTaskExecutionGraph.java:331)
	at org.gradle.execution.taskgraph.DefaultTaskExecutionGraph$InvokeNo
deExecutorsAction.execute(DefaultTaskExecutionGraph.java:318)
	at org.gradle.execution.taskgraph.DefaultTaskExecutionGraph$BuildOpe
rationAwareExecutionAction.lambda$execute$0(DefaultTaskExecutionGraph
.java:314)
	at org.gradle.internal.operations.CurrentBuildOperationRef.with(Curr
entBuildOperationRef.java:85)
	at org.gradle.execution.taskgraph.DefaultTaskExecutionGraph$BuildOpe
rationAwareExecutionAction.execute(DefaultTaskExecutionGraph.java:314
)
	at org.gradle.execution.taskgraph.DefaultTaskExecutionGraph$BuildOpe
rationAwareExecutionAction.execute(DefaultTaskExecutionGraph.java:303
)
	at org.gradle.execution.plan.DefaultPlanExecutor$ExecutorWorker.exec
ute(DefaultPlanExecutor.java:459)
	at org.gradle.execution.plan.DefaultPlanExecutor$ExecutorWorker.run(
DefaultPlanExecutor.java:376)
	at org.gradle.internal.concurrent.ExecutorPolicy$CatchAndRecordFailu
res.onExecute(ExecutorPolicy.java:64)
	at org.gradle.internal.concurrent.AbstractManagedExecutor$1.run(Abst
ractManagedExecutor.java:48)
Caused by: org.gradle.workers.internal.DefaultWorkerExecutor$WorkExec
utionException: A failure occurred while executing org.jetbrains.kotl
in.compilerRunner.GradleCompilerRunnerWithWorkers$GradleKotlinCompile
rWorkAction
	at org.gradle.workers.internal.DefaultWorkerExecutor$WorkItemExecuti
on.waitForCompletion(DefaultWorkerExecutor.java:287)
	at org.gradle.internal.work.DefaultAsyncWorkTracker.lambda$waitForIt
emsAndGatherFailures$2(DefaultAsyncWorkTracker.java:130)
	at org.gradle.internal.Factories$1.create(Factories.java:31)
	at org.gradle.internal.work.DefaultWorkerLeaseService.withoutLocks(D
efaultWorkerLeaseService.java:335)
	at org.gradle.internal.work.DefaultWorkerLeaseService.withoutLocks(D
efaultWorkerLeaseService.java:318)
	at org.gradle.internal.work.DefaultWorkerLeaseService.withoutLock(De
faultWorkerLeaseService.java:323)
	at org.gradle.internal.work.DefaultAsyncWorkTracker.waitForItemsAndG
atherFailures(DefaultAsyncWorkTracker.java:126)
	at org.gradle.internal.work.DefaultAsyncWorkTracker.waitForItemsAndG
atherFailures(DefaultAsyncWorkTracker.java:92)
	at org.gradle.internal.work.DefaultAsyncWorkTracker.waitForAll(Defau
ltAsyncWorkTracker.java:78)
	at org.gradle.internal.work.DefaultAsyncWorkTracker.waitForCompletio
n(DefaultAsyncWorkTracker.java:66)
	at org.gradle.api.internal.tasks.execution.TaskExecution$3.run(TaskE
xecution.java:252)
	at org.gradle.internal.operations.DefaultBuildOperationRunner$1.exec
ute(DefaultBuildOperationRunner.java:30)
	at org.gradle.internal.operations.DefaultBuildOperationRunner$1.exec
ute(DefaultBuildOperationRunner.java:27)
	at org.gradle.internal.operations.DefaultBuildOperationRunner$2.exec
ute(DefaultBuildOperationRunner.java:67)
	at org.gradle.internal.operations.DefaultBuildOperationRunner$2.exec
ute(DefaultBuildOperationRunner.java:60)
	at org.gradle.internal.operations.DefaultBuildOperationRunner.execut
e(DefaultBuildOperationRunner.java:167)
	at org.gradle.internal.operations.DefaultBuildOperationRunner.execut
e(DefaultBuildOperationRunner.java:60)
	at org.gradle.internal.operations.DefaultBuildOperationRunner.run(De
faultBuildOperationRunner.java:48)
	at org.gradle.api.internal.tasks.execution.TaskExecution.executeActi
on(TaskExecution.java:229)
	at org.gradle.api.internal.tasks.execution.TaskExecution.executeActi
ons(TaskExecution.java:212)
	at org.gradle.api.internal.tasks.execution.TaskExecution.executeWith
PreviousOutputFiles(TaskExecution.java:195)
	at org.gradle.api.internal.tasks.execution.TaskExecution.execute(Tas
kExecution.java:162)
	at org.gradle.internal.execution.steps.ExecuteStep.executeInternal(E
xecuteStep.java:105)
	at org.gradle.internal.execution.steps.ExecuteStep.access$000(Execut
eStep.java:44)
	at org.gradle.internal.execution.steps.ExecuteStep$1.call(ExecuteSte
p.java:59)
	at org.gradle.internal.execution.steps.ExecuteStep$1.call(ExecuteSte
p.java:56)
	at org.gradle.internal.operations.DefaultBuildOperationRunner$Callab
leBuildOperationWorker.execute(DefaultBuildOperationRunner.java:210)
	at org.gradle.internal.operations.DefaultBuildOperationRunner$Callab
leBuildOperationWorker.execute(DefaultBuildOperationRunner.java:205)
	at org.gradle.internal.operations.DefaultBuildOperationRunner$2.exec
ute(DefaultBuildOperationRunner.java:67)
	at org.gradle.internal.operations.DefaultBuildOperationRunner$2.exec
ute(DefaultBuildOperationRunner.java:60)
	at org.gradle.internal.operations.DefaultBuildOperationRunner.execut
e(DefaultBuildOperationRunner.java:167)
	at org.gradle.internal.operations.DefaultBuildOperationRunner.execut
e(DefaultBuildOperationRunner.java:60)
	at org.gradle.internal.operations.DefaultBuildOperationRunner.call(D
efaultBuildOperationRunner.java:54)
	at org.gradle.internal.execution.steps.ExecuteStep.execute(ExecuteSt
ep.java:56)
	at org.gradle.internal.execution.steps.ExecuteStep.execute(ExecuteSt
ep.java:44)
	at org.gradle.internal.execution.steps.CancelExecutionStep.execute(C
ancelExecutionStep.java:42)
	at org.gradle.internal.execution.steps.TimeoutStep.executeWithoutTim
eout(TimeoutStep.java:75)
	at org.gradle.internal.execution.steps.TimeoutStep.execute(TimeoutSt
ep.java:55)
	at org.gradle.internal.execution.steps.PreCreateOutputParentsStep.ex
ecute(PreCreateOutputParentsStep.java:50)
	at org.gradle.internal.execution.steps.PreCreateOutputParentsStep.ex
ecute(PreCreateOutputParentsStep.java:28)
	at org.gradle.internal.execution.steps.RemovePreviousOutputsStep.exe
cute(RemovePreviousOutputsStep.java:67)
	at org.gradle.internal.execution.steps.RemovePreviousOutputsStep.exe
cute(RemovePreviousOutputsStep.java:37)
	at org.gradle.internal.execution.steps.BroadcastChangingOutputsStep.
execute(BroadcastChangingOutputsStep.java:61)
	at org.gradle.internal.execution.steps.BroadcastChangingOutputsStep.
execute(BroadcastChangingOutputsStep.java:26)
	at org.gradle.internal.execution.steps.CaptureOutputsAfterExecutionS
tep.execute(CaptureOutputsAfterExecutionStep.java:69)
	at org.gradle.internal.execution.steps.CaptureOutputsAfterExecutionS
tep.execute(CaptureOutputsAfterExecutionStep.java:46)
	at org.gradle.internal.execution.steps.ResolveInputChangesStep.execu
te(ResolveInputChangesStep.java:40)
	at org.gradle.internal.execution.steps.ResolveInputChangesStep.execu
te(ResolveInputChangesStep.java:29)
	at org.gradle.internal.execution.steps.BuildCacheStep.executeWithout
Cache(BuildCacheStep.java:189)
	at org.gradle.internal.execution.steps.BuildCacheStep.lambda$execute
$1(BuildCacheStep.java:75)
	at org.gradle.internal.Either$Right.fold(Either.java:175)
	at org.gradle.internal.execution.caching.CachingState.fold(CachingSt
ate.java:62)
	at org.gradle.internal.execution.steps.BuildCacheStep.execute(BuildC
acheStep.java:73)
	at org.gradle.internal.execution.steps.BuildCacheStep.execute(BuildC
acheStep.java:48)
	at org.gradle.internal.execution.steps.StoreExecutionStateStep.execu
te(StoreExecutionStateStep.java:46)
	at org.gradle.internal.execution.steps.StoreExecutionStateStep.execu
te(StoreExecutionStateStep.java:35)
	at org.gradle.internal.execution.steps.SkipUpToDateStep.executeBecau
se(SkipUpToDateStep.java:75)
	at org.gradle.internal.execution.steps.SkipUpToDateStep.lambda$execu
te$2(SkipUpToDateStep.java:53)
	at org.gradle.internal.execution.steps.SkipUpToDateStep.execute(Skip
UpToDateStep.java:53)
	at org.gradle.internal.execution.steps.SkipUpToDateStep.execute(Skip
UpToDateStep.java:35)
	at org.gradle.internal.execution.steps.legacy.MarkSnapshottingInputs
FinishedStep.execute(MarkSnapshottingInputsFinishedStep.java:37)
	at org.gradle.internal.execution.steps.legacy.MarkSnapshottingInputs
FinishedStep.execute(MarkSnapshottingInputsFinishedStep.java:27)
	at org.gradle.internal.execution.steps.ResolveIncrementalCachingStat
eStep.executeDelegate(ResolveIncrementalCachingStateStep.java:49)
	at org.gradle.internal.execution.steps.ResolveIncrementalCachingStat
eStep.executeDelegate(ResolveIncrementalCachingStateStep.java:27)
	at org.gradle.internal.execution.steps.AbstractResolveCachingStateSt
ep.execute(AbstractResolveCachingStateStep.java:71)
	at org.gradle.internal.execution.steps.AbstractResolveCachingStateSt
ep.execute(AbstractResolveCachingStateStep.java:39)
	at org.gradle.internal.execution.steps.ResolveChangesStep.execute(Re
solveChangesStep.java:65)
	at org.gradle.internal.execution.steps.ResolveChangesStep.execute(Re
solveChangesStep.java:36)
	at org.gradle.internal.execution.steps.ValidateStep.execute(Validate
Step.java:107)
	at org.gradle.internal.execution.steps.ValidateStep.execute(Validate
Step.java:56)
	at org.gradle.internal.execution.steps.AbstractCaptureStateBeforeExe
cutionStep.execute(AbstractCaptureStateBeforeExecutionStep.java:64)
	at org.gradle.internal.execution.steps.AbstractCaptureStateBeforeExe
cutionStep.execute(AbstractCaptureStateBeforeExecutionStep.java:43)
	at org.gradle.internal.execution.steps.AbstractSkipEmptyWorkStep.exe
cuteWithNonEmptySources(AbstractSkipEmptyWorkStep.java:125)
	at org.gradle.internal.execution.steps.AbstractSkipEmptyWorkStep.exe
cute(AbstractSkipEmptyWorkStep.java:61)
	at org.gradle.internal.execution.steps.AbstractSkipEmptyWorkStep.exe
cute(AbstractSkipEmptyWorkStep.java:36)
	at org.gradle.internal.execution.steps.legacy.MarkSnapshottingInputs
StartedStep.execute(MarkSnapshottingInputsStartedStep.java:38)
	at org.gradle.internal.execution.steps.LoadPreviousExecutionStateSte
p.execute(LoadPreviousExecutionStateStep.java:36)
	at org.gradle.internal.execution.steps.LoadPreviousExecutionStateSte
p.execute(LoadPreviousExecutionStateStep.java:23)
	at org.gradle.internal.execution.steps.HandleStaleOutputsStep.execut
e(HandleStaleOutputsStep.java:75)
	at org.gradle.internal.execution.steps.HandleStaleOutputsStep.execut
e(HandleStaleOutputsStep.java:41)
	at org.gradle.internal.execution.steps.AssignMutableWorkspaceStep.la
mbda$execute$0(AssignMutableWorkspaceStep.java:35)
	at org.gradle.api.internal.tasks.execution.TaskExecution$4.withWorks
pace(TaskExecution.java:289)
	at org.gradle.internal.execution.steps.AssignMutableWorkspaceStep.ex
ecute(AssignMutableWorkspaceStep.java:31)
	at org.gradle.internal.execution.steps.AssignMutableWorkspaceStep.ex
ecute(AssignMutableWorkspaceStep.java:22)
	at org.gradle.internal.execution.steps.ChoosePipelineStep.execute(Ch
oosePipelineStep.java:40)
	at org.gradle.internal.execution.steps.ChoosePipelineStep.execute(Ch
oosePipelineStep.java:23)
	at org.gradle.internal.execution.steps.ExecuteWorkBuildOperationFiri
ngStep.lambda$execute$2(ExecuteWorkBuildOperationFiringStep.java:67)
	at org.gradle.internal.execution.steps.ExecuteWorkBuildOperationFiri
ngStep.execute(ExecuteWorkBuildOperationFiringStep.java:67)
	at org.gradle.internal.execution.steps.ExecuteWorkBuildOperationFiri
ngStep.execute(ExecuteWorkBuildOperationFiringStep.java:39)
	at org.gradle.internal.execution.steps.IdentityCacheStep.execute(Ide
ntityCacheStep.java:46)
	at org.gradle.internal.execution.steps.IdentityCacheStep.execute(Ide
ntityCacheStep.java:34)
	at org.gradle.internal.execution.steps.IdentifyStep.execute(Identify
Step.java:48)
	at org.gradle.internal.execution.steps.IdentifyStep.execute(Identify
Step.java:35)
	at org.gradle.internal.execution.impl.DefaultExecutionEngine$1.execu
te(DefaultExecutionEngine.java:61)
	at org.gradle.api.internal.tasks.execution.ExecuteActionsTaskExecute
r.executeIfValid(ExecuteActionsTaskExecuter.java:127)
	at org.gradle.api.internal.tasks.execution.ExecuteActionsTaskExecute
r.execute(ExecuteActionsTaskExecuter.java:116)
	at org.gradle.api.internal.tasks.execution.ProblemsTaskPathTrackingT
askExecuter.execute(ProblemsTaskPathTrackingTaskExecuter.java:40)
	at org.gradle.api.internal.tasks.execution.FinalizePropertiesTaskExe
cuter.execute(FinalizePropertiesTaskExecuter.java:46)
	at org.gradle.api.internal.tasks.execution.ResolveTaskExecutionModeE
xecuter.execute(ResolveTaskExecutionModeExecuter.java:51)
	at org.gradle.api.internal.tasks.execution.SkipTaskWithNoActionsExec
uter.execute(SkipTaskWithNoActionsExecuter.java:57)
	at org.gradle.api.internal.tasks.execution.SkipOnlyIfTaskExecuter.ex
ecute(SkipOnlyIfTaskExecuter.java:74)
	at org.gradle.api.internal.tasks.execution.CatchExceptionTaskExecute
r.execute(CatchExceptionTaskExecuter.java:36)
	at org.gradle.api.internal.tasks.execution.EventFiringTaskExecuter$1
.executeTask(EventFiringTaskExecuter.java:77)
	at org.gradle.api.internal.tasks.execution.EventFiringTaskExecuter$1
.call(EventFiringTaskExecuter.java:55)
	at org.gradle.api.internal.tasks.execution.EventFiringTaskExecuter$1
.call(EventFiringTaskExecuter.java:52)
	at org.gradle.internal.operations.DefaultBuildOperationRunner$Callab
leBuildOperationWorker.execute(DefaultBuildOperationRunner.java:210)
	at org.gradle.internal.operations.DefaultBuildOperationRunner$Callab
leBuildOperationWorker.execute(DefaultBuildOperationRunner.java:205)
	at org.gradle.internal.operations.DefaultBuildOperationRunner$2.exec
ute(DefaultBuildOperationRunner.java:67)
	at org.gradle.internal.operations.DefaultBuildOperationRunner$2.exec
ute(DefaultBuildOperationRunner.java:60)
	at org.gradle.internal.operations.DefaultBuildOperationRunner.execut
e(DefaultBuildOperationRunner.java:167)
	at org.gradle.internal.operations.DefaultBuildOperationRunner.execut
e(DefaultBuildOperationRunner.java:60)
	at org.gradle.internal.operations.DefaultBuildOperationRunner.call(D
efaultBuildOperationRunner.java:54)
	at org.gradle.api.internal.tasks.execution.EventFiringTaskExecuter.e
xecute(EventFiringTaskExecuter.java:52)
	at org.gradle.execution.plan.LocalTaskNodeExecutor.execute(LocalTask
NodeExecutor.java:42)
	at org.gradle.execution.taskgraph.DefaultTaskExecutionGraph$InvokeNo
deExecutorsAction.execute(DefaultTaskExecutionGraph.java:331)
76 actionable tasks: 10 executed, 66 up-to-date
	at org.gradle.execution.taskgraph.DefaultTaskExecutionGraph$InvokeNo
deExecutorsAction.execute(DefaultTaskExecutionGraph.java:318)
	at org.gradle.execution.taskgraph.DefaultTaskExecutionGraph$BuildOpe
rationAwareExecutionAction.lambda$execute$0(DefaultTaskExecutionGraph
.java:314)
	at org.gradle.internal.operations.CurrentBuildOperationRef.with(Curr
entBuildOperationRef.java:85)
	at org.gradle.execution.taskgraph.DefaultTaskExecutionGraph$BuildOpe
rationAwareExecutionAction.execute(DefaultTaskExecutionGraph.java:314
)
	at org.gradle.execution.taskgraph.DefaultTaskExecutionGraph$BuildOpe
rationAwareExecutionAction.execute(DefaultTaskExecutionGraph.java:303
)
	at org.gradle.execution.plan.DefaultPlanExecutor$ExecutorWorker.exec
ute(DefaultPlanExecutor.java:459)
	at org.gradle.execution.plan.DefaultPlanExecutor$ExecutorWorker.run(
DefaultPlanExecutor.java:376)
	at org.gradle.internal.concurrent.ExecutorPolicy$CatchAndRecordFailu
res.onExecute(ExecutorPolicy.java:64)
	at org.gradle.internal.concurrent.AbstractManagedExecutor$1.run(Abst
ractManagedExecutor.java:48)
Caused by: org.jetbrains.kotlin.gradle.tasks.CompilationErrorExceptio
n: Compilation error. See log for more details
	at org.jetbrains.kotlin.gradle.tasks.TasksUtilsKt.throwExceptionIfCo
mpilationFailed(tasksUtils.kt:21)
	at org.jetbrains.kotlin.compilerRunner.GradleKotlinCompilerWork.run(
GradleKotlinCompilerWork.kt:112)
	at org.jetbrains.kotlin.compilerRunner.GradleCompilerRunnerWithWorke
rs$GradleKotlinCompilerWorkAction.execute(GradleCompilerRunnerWithWor
kers.kt:75)
	at org.gradle.workers.internal.DefaultWorkerServer.execute(DefaultWo
rkerServer.java:63)
	at org.gradle.workers.internal.NoIsolationWorkerFactory$1$1.create(N
oIsolationWorkerFactory.java:66)
	at org.gradle.workers.internal.NoIsolationWorkerFactory$1$1.create(N
oIsolationWorkerFactory.java:62)
	at org.gradle.internal.classloader.ClassLoaderUtils.executeInClasslo
ader(ClassLoaderUtils.java:100)
	at org.gradle.workers.internal.NoIsolationWorkerFactory$1.lambda$exe
cute$0(NoIsolationWorkerFactory.java:62)
	at org.gradle.workers.internal.AbstractWorker$1.call(AbstractWorker.
java:44)
	at org.gradle.workers.internal.AbstractWorker$1.call(AbstractWorker.
java:41)
	at org.gradle.internal.operations.DefaultBuildOperationRunner$Callab
leBuildOperationWorker.execute(DefaultBuildOperationRunner.java:210)
	at org.gradle.internal.operations.DefaultBuildOperationRunner$Callab
leBuildOperationWorker.execute(DefaultBuildOperationRunner.java:205)
	at org.gradle.internal.operations.DefaultBuildOperationRunner$2.exec
ute(DefaultBuildOperationRunner.java:67)
	at org.gradle.internal.operations.DefaultBuildOperationRunner$2.exec
ute(DefaultBuildOperationRunner.java:60)
	at org.gradle.internal.operations.DefaultBuildOperationRunner.execut
e(DefaultBuildOperationRunner.java:167)
	at org.gradle.internal.operations.DefaultBuildOperationRunner.execut
e(DefaultBuildOperationRunner.java:60)
	at org.gradle.internal.operations.DefaultBuildOperationRunner.call(D
efaultBuildOperationRunner.java:54)
	at org.gradle.workers.internal.AbstractWorker.executeWrappedInBuildO
peration(AbstractWorker.java:41)
	at org.gradle.workers.internal.NoIsolationWorkerFactory$1.execute(No
IsolationWorkerFactory.java:59)
	at org.gradle.workers.internal.DefaultWorkerExecutor.lambda$submitWo
rk$0(DefaultWorkerExecutor.java:174)
	at org.gradle.internal.work.DefaultConditionalExecutionQueue$Executi
onRunner.runExecution(DefaultConditionalExecutionQueue.java:194)
	at org.gradle.internal.work.DefaultConditionalExecutionQueue$Executi
onRunner.access$700(DefaultConditionalExecutionQueue.java:127)
	at org.gradle.internal.work.DefaultConditionalExecutionQueue$Executi
onRunner$1.run(DefaultConditionalExecutionQueue.java:169)
	at org.gradle.internal.Factories$1.create(Factories.java:31)
	at org.gradle.internal.work.DefaultWorkerLeaseService.withLocks(Defa
ultWorkerLeaseService.java:263)
	at org.gradle.internal.work.DefaultWorkerLeaseService.runAsWorkerThr
ead(DefaultWorkerLeaseService.java:127)
	at org.gradle.internal.work.DefaultWorkerLeaseService.runAsWorkerThr
ead(DefaultWorkerLeaseService.java:132)
	at org.gradle.internal.work.DefaultConditionalExecutionQueue$Executi
onRunner.runBatch(DefaultConditionalExecutionQueue.java:164)
	at org.gradle.internal.work.DefaultConditionalExecutionQueue$Executi
onRunner.run(DefaultConditionalExecutionQueue.java:133)
	... 2 more


BUILD FAILED in 1s
